[    0.000000] Linux version 4.10.0-26-generic (buildd@lcy01-09) (gcc version 6.3.0 20170406 (Ubuntu 6.3.0-12ubuntu2) ) #30-Ubuntu SMP Tue Jun 27 09:30:12 UTC 2017 (Ubuntu 4.10.0-26.30-generic 4.10.17)
[    0.000000] Command line: BOOT_IMAGE=/boot/vmlinuz-4.10.0-26-generic root=LABEL=cloudimg-rootfs ro console=tty1 console=ttyS0
[    0.000000] KERNEL supported cpus:
[    0.000000]   Intel GenuineIntel
[    0.000000]   AMD AuthenticAMD
[    0.000000]   Centaur CentaurHauls
[    0.000000] x86/fpu: Supporting XSAVE feature 0x001: 'x87 floating point registers'
[    0.000000] x86/fpu: Supporting XSAVE feature 0x002: 'SSE registers'
[    0.000000] x86/fpu: Supporting XSAVE feature 0x004: 'AVX registers'
[    0.000000] x86/fpu: xstate_offset[2]:  576, xstate_sizes[2]:  256
[    0.000000] x86/fpu: Enabled xstate features 0x7, context size is 832 bytes, using 'standard' format.
[    0.000000] e820: BIOS-provided physical RAM map:
[    0.000000] BIOS-e820: [mem 0x0000000000000000-0x000000000009fbff] usable
[    0.000000] BIOS-e820: [mem 0x000000000009fc00-0x000000000009ffff] reserved
[    0.000000] BIOS-e820: [mem 0x00000000000f0000-0x00000000000fffff] reserved
[    0.000000] BIOS-e820: [mem 0x0000000000100000-0x000000007ffeffff] usable
[    0.000000] BIOS-e820: [mem 0x000000007fff0000-0x000000007fffffff] ACPI data
[    0.000000] BIOS-e820: [mem 0x00000000fec00000-0x00000000fec00fff] reserved
[    0.000000] BIOS-e820: [mem 0x00000000fee00000-0x00000000fee00fff] reserved
[    0.000000] BIOS-e820: [mem 0x00000000fffc0000-0x00000000ffffffff] reserved
[    0.000000] NX (Execute Disable) protection: active
[    0.000000] SMBIOS 2.5 present.
[    0.000000] DMI: innotek GmbH VirtualBox/VirtualBox, BIOS VirtualBox 12/01/2006
[    0.000000] Hypervisor detected: KVM
[    0.000000] e820: last_pfn = 0x7fff0 max_arch_pfn = 0x400000000
[    0.000000] MTRR: Disabled
[    0.000000] x86/PAT: MTRRs disabled, skipping PAT initialization too.
[    0.000000] x86/PAT: Configuration [0-7]: WB  WT  UC- UC  WB  WT  UC- UC  
[    0.000000] CPU MTRRs all blank - virtualized system.
[    0.000000] found SMP MP-table at [mem 0x0009fff0-0x0009ffff] mapped at [ffffa0290009fff0]
[    0.000000] Scanning 1 areas for low memory corruption
[    0.000000] RAMDISK: [mem 0x36949000-0x3749bfff]
[    0.000000] ACPI: Early table checksum verification disabled
[    0.000000] ACPI: RSDP 0x00000000000E0000 000024 (v02 VBOX  )
[    0.000000] ACPI: XSDT 0x000000007FFF0030 00003C (v01 VBOX   VBOXXSDT 00000001 ASL  00000061)
[    0.000000] ACPI: FACP 0x000000007FFF00F0 0000F4 (v04 VBOX   VBOXFACP 00000001 ASL  00000061)
[    0.000000] ACPI: DSDT 0x000000007FFF0470 0021C8 (v02 VBOX   VBOXBIOS 00000002 INTL 20100528)
[    0.000000] ACPI: FACS 0x000000007FFF0200 000040
[    0.000000] ACPI: FACS 0x000000007FFF0200 000040
[    0.000000] ACPI: APIC 0x000000007FFF0240 00005C (v02 VBOX   VBOXAPIC 00000001 ASL  00000061)
[    0.000000] ACPI: SSDT 0x000000007FFF02A0 0001CC (v01 VBOX   VBOXCPUT 00000002 INTL 20100528)
[    0.000000] No NUMA configuration found
[    0.000000] Faking a node at [mem 0x0000000000000000-0x000000007ffeffff]
[    0.000000] NODE_DATA(0) allocated [mem 0x7ffc5000-0x7ffeffff]
[    0.000000] kvm-clock: Using msrs 4b564d01 and 4b564d00
[    0.000000] kvm-clock: cpu 0, msr 0:7ff45001, primary cpu clock
[    0.000000] kvm-clock: using sched offset of 3870812502 cycles
[    0.000000] clocksource: kvm-clock: mask: 0xffffffffffffffff max_cycles: 0x1cd42e4dffb, max_idle_ns: 881590591483 ns
[    0.000000] Zone ranges:
[    0.000000]   DMA      [mem 0x0000000000001000-0x0000000000ffffff]
[    0.000000]   DMA32    [mem 0x0000000001000000-0x000000007ffeffff]
[    0.000000]   Normal   empty
[    0.000000]   Device   empty
[    0.000000] Movable zone start for each node
[    0.000000] Early memory node ranges
[    0.000000]   node   0: [mem 0x0000000000001000-0x000000000009efff]
[    0.000000]   node   0: [mem 0x0000000000100000-0x000000007ffeffff]
[    0.000000] Initmem setup node 0 [mem 0x0000000000001000-0x000000007ffeffff]
[    0.000000] ACPI: PM-Timer IO Port: 0x4008
[    0.000000] IOAPIC[0]: apic_id 2, version 32, address 0xfec00000, GSI 0-23
[    0.000000] ACPI: INT_SRC_OVR (bus 0 bus_irq 0 global_irq 2 dfl dfl)
[    0.000000] ACPI: INT_SRC_OVR (bus 0 bus_irq 9 global_irq 9 high level)
[    0.000000] Using ACPI (MADT) for SMP configuration information
[    0.000000] smpboot: Allowing 2 CPUs, 0 hotplug CPUs
[    0.000000] PM: Registered nosave memory: [mem 0x00000000-0x00000fff]
[    0.000000] PM: Registered nosave memory: [mem 0x0009f000-0x0009ffff]
[    0.000000] PM: Registered nosave memory: [mem 0x000a0000-0x000effff]
[    0.000000] PM: Registered nosave memory: [mem 0x000f0000-0x000fffff]
[    0.000000] e820: [mem 0x80000000-0xfebfffff] available for PCI devices
[    0.000000] Booting paravirtualized kernel on KVM
[    0.000000] clocksource: refined-jiffies: mask: 0xffffffff max_cycles: 0xffffffff, max_idle_ns: 7645519600211568 ns
[    0.000000] setup_percpu: NR_CPUS:8192 nr_cpumask_bits:2 nr_cpu_ids:2 nr_node_ids:1
[    0.000000] percpu: Embedded 36 pages/cpu @ffffa0297fc00000 s107992 r8192 d31272 u1048576
[    0.000000] PV qspinlock hash table entries: 256 (order: 0, 4096 bytes)
[    0.000000] Built 1 zonelists in Node order, mobility grouping on.  Total pages: 515961
[    0.000000] Policy zone: DMA32
[    0.000000] Kernel command line: BOOT_IMAGE=/boot/vmlinuz-4.10.0-26-generic root=LABEL=cloudimg-rootfs ro console=tty1 console=ttyS0
[    0.000000] PID hash table entries: 4096 (order: 3, 32768 bytes)
[    0.000000] Memory: 2030520K/2096696K available (9083K kernel code, 1666K rwdata, 3816K rodata, 2232K init, 2364K bss, 66176K reserved, 0K cma-reserved)
[    0.000000] SLUB: HWalign=64, Order=0-3, MinObjects=0, CPUs=2, Nodes=1
[    0.000000] Hierarchical RCU implementation.
[    0.000000] 	Build-time adjustment of leaf fanout to 64.
[    0.000000] 	RCU restricting CPUs from NR_CPUS=8192 to nr_cpu_ids=2.
[    0.000000] RCU: Adjusting geometry for rcu_fanout_leaf=64, nr_cpu_ids=2
[    0.000000] NR_IRQS:524544 nr_irqs:440 16
[    0.000000] Console: colour VGA+ 80x25
[    0.000000] console [tty1] enabled
[    0.000000] console [ttyS0] enabled
[    0.000000] tsc: Detected 2993.178 MHz processor
[    0.712414] Calibrating delay loop (skipped) preset value.. 5986.35 BogoMIPS (lpj=11972712)
[    0.722703] pid_max: default: 32768 minimum: 301
[    0.730935] ACPI: Core revision 20160930
[    0.734874] ACPI: 2 ACPI AML tables successfully acquired and loaded
[    0.741331] Security Framework initialized
[    0.742585] Yama: becoming mindful.
[    0.749339] AppArmor: AppArmor initialized
[    0.762956] Dentry cache hash table entries: 262144 (order: 9, 2097152 bytes)
[    0.769292] Inode-cache hash table entries: 131072 (order: 8, 1048576 bytes)
[    0.774063] Mount-cache hash table entries: 4096 (order: 3, 32768 bytes)
[    0.784080] Mountpoint-cache hash table entries: 4096 (order: 3, 32768 bytes)
[    0.786531] CPU: Physical Processor ID: 0
[    0.788275] CPU: Processor Core ID: 0
[    0.793147] mce: CPU supports 0 MCE banks
[    0.801246] Last level iTLB entries: 4KB 512, 2MB 8, 4MB 8
[    0.809880] Last level dTLB entries: 4KB 512, 2MB 32, 4MB 32, 1GB 0
[    0.819704] Freeing SMP alternatives memory: 32K
[    0.829967] ftrace: allocating 34179 entries in 134 pages
[    0.846306] smpboot: Max logical packages: 1
[    0.870478] x2apic enabled
[    0.877790] Switched APIC routing to physical x2apic.
[    0.884586] ..TIMER: vector=0x30 apic1=0 pin1=2 apic2=-1 pin2=-1
[    1.000451] smpboot: CPU0: Intel(R) Core(TM) i7-3540M CPU @ 3.00GHz (family: 0x6, model: 0x3a, stepping: 0x9)
[    1.011301] Performance Events: unsupported p6 CPU model 58 no PMU driver, software events only.
[    1.021533] KVM setup paravirtual spinlock
[    1.027743] smp: Bringing up secondary CPUs ...
[    1.031660] x86: Booting SMP configuration:
[    1.037198] .... node  #0, CPUs:      #1
[    1.037988] kvm-clock: cpu 1, msr 0:7ff45041, secondary cpu clock
[    1.063334] mce: CPU supports 0 MCE banks
[    1.066516] smp: Brought up 1 node, 2 CPUs
[    1.071872] smpboot: Total of 2 processors activated (11972.71 BogoMIPS)
[    1.084939] devtmpfs: initialized
[    1.088742] x86/mm: Memory block size: 128MB
[    1.099061] evm: security.selinux
[    1.102348] evm: security.SMACK64
[    1.107509] evm: security.SMACK64EXEC
[    1.113520] evm: security.SMACK64TRANSMUTE
[    1.115486] evm: security.SMACK64MMAP
[    1.124186] evm: security.ima
[    1.125151] evm: security.capability
[    1.130337] clocksource: jiffies: mask: 0xffffffff max_cycles: 0xffffffff, max_idle_ns: 7645041785100000 ns
[    1.133535] futex hash table entries: 512 (order: 3, 32768 bytes)
[    1.135369] pinctrl core: initialized pinctrl subsystem
[    1.136997] RTC time:  6:58:45, date: 07/01/18
[    1.148123] NET: Registered protocol family 16
[    1.169104] cpuidle: using governor ladder
[    1.185055] cpuidle: using governor menu
[    1.189597] PCCT header not found.
[    1.190706] ACPI: bus type PCI registered
[    1.194148] acpiphp: ACPI Hot Plug PCI Controller Driver version: 0.5
[    1.199209] PCI: Using configuration type 1 for base access
[    1.213313] HugeTLB registered 2 MB page size, pre-allocated 0 pages
[    1.234151] ACPI: Added _OSI(Module Device)
[    1.244606] ACPI: Added _OSI(Processor Device)
[    1.254837] ACPI: Added _OSI(3.0 _SCP Extensions)
[    1.258117] ACPI: Added _OSI(Processor Aggregator Device)
[    1.262262] ACPI: Executed 1 blocks of module-level executable AML code
[    1.279273] ACPI: Interpreter enabled
[    1.280428] ACPI: (supports S0 S5)
[    1.281447] ACPI: Using IOAPIC for interrupt routing
[    1.284378] PCI: Using host bridge windows from ACPI; if necessary, use "pci=nocrs" and report a bug
[    1.299015] ACPI: PCI Root Bridge [PCI0] (domain 0000 [bus 00-ff])
[    1.304202] acpi PNP0A03:00: _OSC: OS supports [ASPM ClockPM Segments MSI]
[    1.306238] acpi PNP0A03:00: _OSC failed (AE_NOT_FOUND); disabling ASPM
[    1.308234] acpi PNP0A03:00: fail to add MMCONFIG information, can't access extended PCI configuration space under this bridge.
[    1.317357] PCI host bridge to bus 0000:00
[    1.318563] pci_bus 0000:00: root bus resource [io  0x0000-0x0cf7 window]
[    1.351897] pci_bus 0000:00: root bus resource [io  0x0d00-0xffff window]
[    1.363771] pci_bus 0000:00: root bus resource [mem 0x000a0000-0x000bffff window]
[    1.375442] pci_bus 0000:00: root bus resource [mem 0x80000000-0xffdfffff window]
[    1.383362] pci_bus 0000:00: root bus resource [bus 00-ff]
[    1.388561] pci 0000:00:01.1: legacy IDE quirk: reg 0x10: [io  0x01f0-0x01f7]
[    1.393109] pci 0000:00:01.1: legacy IDE quirk: reg 0x14: [io  0x03f6]
[    1.394869] pci 0000:00:01.1: legacy IDE quirk: reg 0x18: [io  0x0170-0x0177]
[    1.410841] pci 0000:00:01.1: legacy IDE quirk: reg 0x1c: [io  0x0376]
[    1.446191] pci 0000:00:07.0: quirk: [io  0x4000-0x403f] claimed by PIIX4 ACPI
[    1.489354] pci 0000:00:07.0: quirk: [io  0x4100-0x410f] claimed by PIIX4 SMB
[    1.506732] ACPI: PCI Interrupt Link [LNKA] (IRQs 5 9 10 *11)
[    1.514257] ACPI: PCI Interrupt Link [LNKB] (IRQs 5 9 10 *11)
[    1.522345] ACPI: PCI Interrupt Link [LNKC] (IRQs 5 9 *10 11)
[    1.524110] ACPI: PCI Interrupt Link [LNKD] (IRQs 5 *9 10 11)
[    1.543193] ACPI: Enabled 2 GPEs in block 00 to 07
[    1.545549] SCSI subsystem initialized
[    1.547986] pci 0000:00:02.0: vgaarb: setting as boot VGA device
[    1.566945] pci 0000:00:02.0: vgaarb: VGA device added: decodes=io+mem,owns=io+mem,locks=none
[    1.587662] pci 0000:00:02.0: vgaarb: bridge control possible
[    1.601467] vgaarb: loaded
[    1.602466] ACPI: bus type USB registered
[    1.614420] usbcore: registered new interface driver usbfs
[    1.616133] usbcore: registered new interface driver hub
[    1.618113] usbcore: registered new device driver usb
[    1.620158] PCI: Using ACPI for IRQ routing
[    1.658683] NetLabel: Initializing
[    1.681789] NetLabel:  domain hash size = 128
[    1.693068] NetLabel:  protocols = UNLABELED CIPSOv4 CALIPSO
[    1.701549] NetLabel:  unlabeled traffic allowed by default
[    1.718848] clocksource: Switched to clocksource kvm-clock
[    1.743663] VFS: Disk quotas dquot_6.6.0
[    1.774281] VFS: Dquot-cache hash table entries: 512 (order 0, 4096 bytes)
[    1.797473] AppArmor: AppArmor Filesystem Enabled
[    1.818746] pnp: PnP ACPI init
[    1.820714] pnp: PnP ACPI: found 3 devices
[    1.834887] clocksource: acpi_pm: mask: 0xffffff max_cycles: 0xffffff, max_idle_ns: 2085701024 ns
[    1.870974] NET: Registered protocol family 2
[    1.881384] TCP established hash table entries: 16384 (order: 5, 131072 bytes)
[    1.885203] TCP bind hash table entries: 16384 (order: 6, 262144 bytes)
[    1.889271] TCP: Hash tables configured (established 16384 bind 16384)
[    1.896959] UDP hash table entries: 1024 (order: 3, 32768 bytes)
[    1.898825] UDP-Lite hash table entries: 1024 (order: 3, 32768 bytes)
[    1.914211] NET: Registered protocol family 1
[    1.940624] pci 0000:00:00.0: Limiting direct PCI/PCI transfers
[    1.942377] pci 0000:00:01.0: Activating ISA DMA hang workarounds
[    2.042745] pci 0000:00:02.0: Video device with shadowed ROM at [mem 0x000c0000-0x000dffff]
[    2.075854] Unpacking initramfs...
[    4.816750] Freeing initrd memory: 11596K
[    4.818654] platform rtc_cmos: registered platform RTC device (no PNP device found)
[    4.833368] Scanning for low memory corruption every 60 seconds
[    4.836397] audit: initializing netlink subsys (disabled)
[    4.838083] audit: type=2000 audit(1530428333.113:1): initialized
[    4.838397] Initialise system trusted keyrings
[    4.838495] workingset: timestamp_bits=36 max_order=19 bucket_order=0
[    4.840629] zbud: loaded
[    4.841206] squashfs: version 4.0 (2009/01/31) Phillip Lougher
[    4.841456] fuse init (API version 7.26)
[    4.842721] Key type asymmetric registered
[    4.842722] Asymmetric key parser 'x509' registered
[    4.842764] Block layer SCSI generic (bsg) driver version 0.4 loaded (major 248)
[    4.842892] io scheduler noop registered
[    4.842893] io scheduler deadline registered
[    4.842903] io scheduler cfq registered (default)
[    4.866896] ACPI: AC Adapter [AC] (on-line)
[    4.874119] input: Power Button as /devices/LNXSYSTM:00/LNXPWRBN:00/input/input0
[    4.886764] ACPI: Power Button [PWRF]
[    4.888430] input: Sleep Button as /devices/LNXSYSTM:00/LNXSLPBN:00/input/input1
[    4.894163] ACPI: Sleep Button [SLPF]
[    4.899726] ACPI: Battery Slot [BAT0] (battery present)
[    4.903313] GHES: HEST is not enabled!
[    4.911880] Serial: 8250/16550 driver, 32 ports, IRQ sharing enabled
[    4.940660] 00:02: ttyS0 at I/O 0x3f8 (irq = 4, base_baud = 115200) is a 16550A
[    4.948045] Linux agpgart interface v0.103
[    4.957789] loop: module loaded
[    4.963544] scsi host0: ata_piix
[    4.969011] scsi host1: ata_piix
[    4.993768] ata1: PATA max UDMA/33 cmd 0x1f0 ctl 0x3f6 bmdma 0xd000 irq 14
[    4.995566] ata2: PATA max UDMA/33 cmd 0x170 ctl 0x376 bmdma 0xd008 irq 15
[    4.999361] libphy: Fixed MDIO Bus: probed
[    5.004495] tun: Universal TUN/TAP device driver, 1.6
[    5.014978] tun: (C) 1999-2004 Max Krasnyansky <maxk@qualcomm.com>
[    5.017767] PPP generic driver version 2.4.2
[    5.023829] ehci_hcd: USB 2.0 'Enhanced' Host Controller (EHCI) Driver
[    5.028730] ehci-pci: EHCI PCI platform driver
[    5.035894] ehci-platform: EHCI generic platform driver
[    5.041161] ohci_hcd: USB 1.1 'Open' Host Controller (OHCI) Driver
[    5.043863] ohci-pci: OHCI PCI platform driver
[    5.053724] ohci-platform: OHCI generic platform driver
[    5.056649] uhci_hcd: USB Universal Host Controller Interface driver
[    5.065189] i8042: PNP: PS/2 Controller [PNP0303:PS2K,PNP0f03:PS2M] at 0x60,0x64 irq 1,12
[    5.077499] serio: i8042 KBD port at 0x60,0x64 irq 1
[    5.078970] serio: i8042 AUX port at 0x60,0x64 irq 12
[    5.086968] mousedev: PS/2 mouse device common for all mice
[    5.097877] rtc_cmos rtc_cmos: rtc core: registered rtc_cmos as rtc0
[    5.102144] rtc_cmos rtc_cmos: alarms up to one day, 114 bytes nvram
[    5.122473] i2c /dev entries driver
[    5.123928] input: AT Translated Set 2 keyboard as /devices/platform/i8042/serio0/input/input2
[    5.136047] device-mapper: uevent: version 1.0.3
[    5.154300] device-mapper: ioctl: 4.35.0-ioctl (2016-06-23) initialised: dm-devel@redhat.com
[    5.183760] ledtrig-cpu: registered to indicate activity on CPUs
[    5.205053] NET: Registered protocol family 10
[    5.212531] Segment Routing with IPv6
[    5.224411] NET: Registered protocol family 17
[    5.225730] Key type dns_resolver registered
[    5.227421] registered taskstats version 1
[    5.229424] Loading compiled-in X.509 certificates
[    5.248282] Loaded X.509 cert 'Build time autogenerated kernel key: eae8fa5ee6c91603c031c81226b2df4b135df7d2'
[    5.253500] zswap: loaded using pool lzo/zbud
[    5.274242] Key type big_key registered
[    5.283414] Key type trusted registered
[    5.288664] Key type encrypted registered
[    5.292453] AppArmor: AppArmor sha1 policy hashing enabled
[    5.314645] ima: No TPM chip found, activating TPM-bypass! (rc=-19)
[    5.316931] evm: HMAC attrs: 0x1
[    5.321286]   Magic number: 10:157:973
[    5.322634] rtc_cmos rtc_cmos: setting system clock to 2018-07-01 06:58:49 UTC (1530428329)
[    5.546278] BIOS EDD facility v0.16 2004-Jun-25, 0 devices found
[    5.560211] EDD information not available.
[    5.582557] Freeing unused kernel memory: 2232K
[    5.613643] Write protecting the kernel read-only data: 14336k
[    5.630036] Freeing unused kernel memory: 1140K
[    5.636482] Freeing unused kernel memory: 280K
[    5.646768] x86/mm: Checked W+X mappings: passed, no W+X pages found.
Loading, please wait...
starting version[    5.684751] random: systemd-udevd: uninitialized urandom read (16 bytes read)
 232
[    5.684845] random: udevadm: uninitialized urandom read (16 bytes read)
[    5.684899] random: udevadm: uninitialized urandom read (16 bytes read)
[    5.685954] random: udevadm: uninitialized urandom read (16 bytes read)
[    5.686045] random: udevadm: uninitialized urandom read (16 bytes read)
[    5.686071] random: udevadm: uninitialized urandom read (16 bytes read)
[    5.686455] random: udevadm: uninitialized urandom read (16 bytes read)
[    5.686540] random: udevadm: uninitialized urandom read (16 bytes read)
[    5.686625] random: udevadm: uninitialized urandom read (16 bytes read)
[    5.686708] random: udevadm: uninitialized urandom read (16 bytes read)
[    5.743346] e1000: Intel(R) PRO/1000 Network Driver - version 7.3.21-k8-NAPI
[    5.761163] e1000: Copyright (c) 1999-2006 Intel Corporation.
[    5.770001] Fusion MPT base driver 3.04.20
[    5.782751] Copyright (c) 1999-2008 LSI Corporation
[    5.825590] AVX version of gcm_enc/dec engaged.
[    5.828916] AES CTR mode by8 optimization enabled
[    5.830976] tsc: Refined TSC clocksource calibration: 2993.735 MHz
[    5.840351] clocksource: tsc: mask: 0xffffffffffffffff max_cycles: 0x2b27271cffd, max_idle_ns: 440795359772 ns
[    5.884117] Fusion MPT SPI Host driver 3.04.20
[    6.011928] input: ImExPS/2 Generic Explorer Mouse as /devices/platform/i8042/serio1/input/input4
[    6.383102] e1000 0000:00:03.0 eth0: (PCI:33MHz:32-bit) 02:62:6c:ae:1f:7b
[    6.397234] e1000 0000:00:03.0 eth0: Intel(R) PRO/1000 Network Connection
[    6.409201] mptbase: ioc0: Initiating bringup
[    6.414166] e1000 0000:00:03.0 enp0s3: renamed from eth0
[    6.511395] ioc0: LSI53C1030 A0: Capabilities={Initiator}
[    6.766598] scsi host2: ioc0: LSI53C1030 A0, FwRev=00000000h, Ports=1, MaxQ=256, IRQ=20
[    6.984684] scsi 2:0:0:0: Direct-Access     VBOX     HARDDISK         1.0  PQ: 0 ANSI: 5
[    7.008357] scsi target2:0:0: Beginning Domain Validation
[    7.036878] scsi target2:0:0: Domain Validation skipping write tests
[    7.043421] scsi target2:0:0: Ending Domain Validation
[    7.059413] scsi target2:0:0: asynchronous
[    7.107798] scsi 2:0:1:0: Direct-Access     VBOX     HARDDISK         1.0  PQ: 0 ANSI: 5
[    7.150803] scsi target2:0:1: Beginning Domain Validation
[    7.177829] scsi target2:0:1: Domain Validation skipping write tests
[    7.182340] scsi target2:0:1: Ending Domain Validation
[    7.198439] scsi target2:0:1: asynchronous
[    7.219025] random: fast init done
[    7.246358] sd 2:0:0:0: Attached scsi generic sg0 type 0
[    7.254695] sd 2:0:0:0: [sda] 20971520 512-byte logical blocks: (10.7 GB/10.0 GiB)
[    7.265506] sd 2:0:0:0: [sda] Write Protect is off
[    7.265992] sd 2:0:1:0: [sdb] 20480 512-byte logical blocks: (10.5 MB/10.0 MiB)
[    7.266072] sd 2:0:1:0: [sdb] Write Protect is off
[    7.266218] sd 2:0:1:0: [sdb] Incomplete mode parameter data
[    7.266220] sd 2:0:1:0: [sdb] Assuming drive cache: write through
[    7.269716] sd 2:0:1:0: [sdb] Attached SCSI disk
[    7.279151] sd 2:0:1:0: Attached scsi generic sg1 type 0
[    7.372387] sd 2:0:0:0: [sda] Incomplete mode parameter data
[    7.375542] sd 2:0:0:0: [sda] Assuming drive cache: write through
[    7.382735]  sda: sda1
[    7.386763] sd 2:0:0:0: [sda] Attached SCSI disk
[    8.903498] floppy0: no floppy controllers found
Begin: Loading essential drivers ... [   10.374897] raid6: sse2x1   gen()  7439 MB/s
[   10.427187] raid6: sse2x1   xor()  5531 MB/s
[   10.495261] raid6: sse2x2   gen()  9059 MB/s
[   10.574924] raid6: sse2x2   xor()  4687 MB/s
[   10.638894] raid6: sse2x4   gen() 10601 MB/s
[   10.691035] raid6: sse2x4   xor()  7654 MB/s
[   10.692612] raid6: using algorithm sse2x4 gen() 10601 MB/s
[   10.738513] raid6: .... xor() 7654 MB/s, rmw enabled
[   10.748427] raid6: using ssse3x2 recovery algorithm
[   10.774477] xor: automatically using best checksumming function   avx       
[   10.829873] async_tx: api initialized (async)
done.
Begin: Running /scripts/init-premount ... done.
Begin: Mounting root file system ... Begin: Running /scripts/local-top ... done.
Begin: Running /scripts/local-premount ... [   11.035484] Btrfs loaded, crc32c=crc32c-intel
Scanning for Btrfs filesystems
done.
Warning: fsck not present, so sk[   11.126187] EXT4-fs (sda1): mounted filesystem with ordered data mode. Opts: (null)
ipping root file system
done.
Begin: Running /scripts/local-bottom ... done.
Begin: Running /scripts/init-bottom ... /scripts/init-bottom/plymouth: line 18: /bin/plymouth: not found
done.
[   11.402776] ip_tables: (C) 2000-2006 Netfilter Core Team
[   11.418367] systemd[1]: systemd 232 running in system mode. (+PAM +AUDIT +SELINUX +IMA +APPARMOR +SMACK +SYSVINIT +UTMP +LIBCRYPTSETUP +GCRYPT +GNUTLS +ACL +XZ +LZ4 +SECCOMP +BLKID +ELFUTILS +KMOD +IDN)
[   11.434771] systemd[1]: Detected virtualization oracle.
[   11.441384] systemd[1]: Detected architecture x86-64.

Welcome to [1mUbuntu 17.04[0m!

[   11.497737] systemd[1]: Set hostname to <ubuntu>.
[   11.522561] systemd[1]: Initializing machine ID from random generator.
[   11.538200] systemd[1]: Installed transient /etc/machine-id file.
[   11.790042] systemd[1]: Listening on udev Kernel Socket.
[[0;32m  OK  [0m] Listening on udev Kernel Socket.
[   11.809824] systemd[1]: Listening on Journal Audit Socket.
[[0;32m  OK  [0m] Listening on Journal Audit Socket.
[   11.867601] systemd[1]: Listening on Journal Socket (/dev/log).
[[0;32m  OK  [0m] Listening on Journal Socket (/dev/log).
[   11.948619] systemd[1]: Created slice User and Session Slice.
[[0;32m  OK  [0m] Created slice User and Session Slice.
[[0;32m  OK  [0m] Listening on LVM2 metadata daemon socket.
[[0;32m  OK  [0m] Set up automount Arbitrary Executabâ€¦rmats File System Automount Point.
[[0;32m  OK  [0m] Listening on LVM2 poll daemon socket.
[[0;32m  OK  [0m] Reached target User and Group Name Lookups.
[[0;32m  OK  [0m] Created slice System Slice.
         Mounting Huge Pages File System...
         Mounting Debug File System...
         Mounting POSIX Message Queue File System...
[[0;32m  OK  [0m] Created slice system-serial\x2dgetty.slice.
[[0;32m  OK  [0m] Listening on Syslog Socket.
[[0;32m  OK  [0m] Reached target Swap.
[[0;32m  OK  [0m] Listening on /dev/initctl Compatibility Named Pipe.
[[0;32m  OK  [0m] Listening on Journal Socket.
         Starting Uncomplicated firewall...
         Starting Create list of required stâ€¦ce nodes for the current kernel...
         Starting Load Ke[   12.136087] Loading iSCSI transport class v2.0-870.
rnel Modules...
         Starting Remount Root a[   12.159433] iscsi: registered transport (tcp)
nd Kernel File Systems...
[   12.176939] EXT4-fs (sda1): re-mounted. Opts: (null)
         Starting Journal Service...
         Starting Set the console keyboard layout...
[[0;32m  OK  [0m] Reached target Slices.
         Starting Nameserver information manager...
[[0;32m  OK  [0m] Listening on udev Control Socket.
[[0;32m  OK  [0m] Started Forward Password Requests to Wall Directory Watch.
[[0;32m  OK  [0m] Listening on Device-mapper event daemon FIFO[   12.272919] iscsi: registered transport (iser)
s.
         Starting Monitoring of LVM2 mirrorsâ€¦ng dmeventd or progress polling...
[[0;32m  OK  [0m] Mounted Huge Pages File System.
[[0;32m  OK  [0m] Mounted POSIX Message Queue File System.
[[0;32m  OK  [0m] Mounted Debug File System.
[[0;32m  OK  [0m] Started Journal Service.
[[0;32m  OK  [0m] Started Uncomplicated firewall.
[[0;32m  OK  [0m] Started Create list of required staâ€¦vice nodes for the current kernel.
[[0;32m  OK  [0m] Started Load Kernel Modules.
[[0;32m  OK  [0m] Started Remount Root and Kernel File Systems.
[[0;32m  OK  [0m] Started Nameserver information manager.
[[0;32m  OK  [0m] Started LVM2 metadata daemon.
         Starting Initial cloud-init job (pre-networking)...
         Starting udev Coldplug all Devices...
         Starting Load/Save Random Seed...
         Mounting FUSE Control File System...
         Mounting Configuration File System...
         Starting Apply Kernel Variables...
         Starting Create Static Device Nodes in /dev...
         Starting Flush Journal to Persistent Storage...
[[0;32m  OK  [0m] Mounted Configuration File System.
[[0;32m  OK  [0m] Mounted FUSE Control File System.
[[0;32m  OK  [0m] Started Load/Save Random Seed.
[[0;32m  OK  [0m] Started Monitoring of LVM2 mirrors,â€¦sing dmeventd or progress polling.
[[0;32m  OK  [0m] Started Apply Kernel Variables.
[[0;32m  OK  [0m] Started Create Static Device Nodes in /dev.
[[0;32m  OK  [0m] Started udev Coldplug all Devices.
         Starting udev Kernel Device Manager...
[[0;32m  OK  [0m] Started udev Kernel Device Manager.
[[0;32m  OK  [0m] Started Flush Journal to Persistent Storage.
[[0;32m  OK  [0m] Found device /dev/ttyS0.
[[0;32m  OK  [0m] Started Set the console keyboard layout.
[[0;32m  OK  [0m] Started Dispatch Password Requests to Console Directory Watch.
[[0;32m  OK  [0m] Reached target Encrypted Volumes.
[[0;32m  OK  [0m] Reached target Local File Systems (Pre).
[[0;32m  OK  [0m] Reached target Local File Systems.
         Starting Tell Plymouth To Write Out Runtime Data...
         Starting Set console font and keymap...
         Starting ebtables ruleset management...
         Starting AppArmor initialization...
         Starting Create Volatile Files and Directories...
         Starting Commit a transient machine-id on disk...
[[0;32m  OK  [0m] Started Tell Plymouth To Write Out Runtime Data.
[[0;32m  OK  [0m] Started Set console font and keymap.
[[0;32m  OK  [0m] Started Create Volatile Files and Directories.
[   14.239360] cloud-init[453]: Cloud-init v. 0.7.9 running 'init-local' at Sun, 01 Jul 2018 06:58:59 +0000. Up 13.84 seconds.
[[0;32m  OK  [0m] Started Commit a transient machine-id on disk.
[[0;32m  OK  [0m] Started Initial cloud-init job (pre-networking).
[[0;32m  OK  [0m] Listening on Load/Save RF Kill Switch Status /dev/rfkill Watch.
         Starting Update UTMP about System Boot/Shutdown...
[[0;32m  OK  [0m] Reached target System Time Synchronized.
[[0;32m  OK  [0m] Started ebtables ruleset management.
[[0;32m  OK  [0m] Reached target Network (Pre).
[[0;32m  OK  [0m] Started Update UTMP about System Boot/Shutdown.
[[0;32m  OK  [0m] Started AppArmor initialization.
         Starting Raise network interfaces...
[[0;32m  OK  [0m] Started Raise network interfaces.
[[0;32m  OK  [0m] Reached target Network.
         Starting Initial cloud-init job (metadata service crawler)...
[   20.290676] cloud-init[1029]: Cloud-init v. 0.7.9 running 'init' at Sun, 01 Jul 2018 06:59:03 +0000. Up 18.04 seconds.
[   20.419416] cloud-init[1029]: ci-info: +++++++++++++++++++++++++++++Net device info++++++++++++++++++++++++++++++
[   20.521483] cloud-init[1029]: ci-info: +---------+------+-----------+---------------+-------+-------------------+
[[0;32m  OK  [0m] Started Initial cloud-init job (metadata service crawler).
[   20.597239] cloud-init[1029]: ci-info: |  Device |  Up  |  Address  |      Mask     | Scope |     Hw-Address    |
[   20.634671] cloud-init[1029]: ci-info: +---------+------+-----------+---------------+-------+-------------------+
[   20.678940] cloud-init[1029]: ci-info: |   lo:   | True | 127.0.0.1 |   255.0.0.0   |   .   |         .         |
[[0;32m  OK  [0m] Reached target System Initialization.
[   20.679524] cloud-init[1029]: ci-info: |   lo:   | True |     .     |       .       |   d   |         .         |
         Starting Socket activation for snappy daemon.
[   20.809613] [cloud-init[0;32m  OK  [0m[1029]: ] ci-info: | enp0s3: | True | 10.0.2.15 | 255.255.255.0 |   .   | 02:62:6c:ae:1f:7b |Listening on ACPID Listen Socket.

[[0;32m  OK  [0m] Started Daily Cleanup of Temporary Directories.
[[0;32m  OK  [0m] Listening on D-Bus System Message Bus Socket.
[[0;32m  OK  [0m] Started Message of the Day.
[   20.878447] cloud-init[1029]: ci-info: | enp0s3: | True |     .     |       .       |   d   | 02:62:6c:ae:1f:7b |
         Starting LXD - unix socket.
[   21.013422] cloud-init[1029]: ci-info: +---------+------+-----------+---------------+-------+-------------------+
[[0;32m  OK  [0m] Started Timer to automatically refresh installed snaps.
[[0;32m  OK  [0m] Started Daily apt activities.
[   21.052949] cloud-init[1029]: ci-info: +++++++++++++++++++++++++++Route IPv4 info++++++++++++++++++++++++++++
[[0;32m  OK  [0m] Reached target Timers.
[   21.078753] cloud-init[1029]: ci-info: +-------+-------------+----------+---------------+-----------+-------+
[   21.300666] [cloud-init[0;32m  OK  [0m[1029]: ] ci-info: | Route | Destination | Gateway  |    Genmask    | Interface | Flags |Started ACPI Events Check.

[   21.301228] cloud-init[[0;32m  OK  [0m] Reached target Paths.
[1029]: ci-info: +-------+-------------+----------+---------------+-----------+-------+
[   21.395099] cloud-init[1029]: ci-info: |   0   |   0.0.0.0   | 10.0.2.2 |    0.0.0.0    |   enp0s3  |   UG  |[[0;32m  OK  [0m] Listening on UUID daemon activation socket.

[   21.414862] cloud-init[1029]: ci-info: |   1   |   10.0.2.0  | 0.0.0.0  | 255.255.255.0 |   enp0s3  |   U   |
[[0;32m  OK  [0m] Reached target Cloud-config availability.
[[0;32m  OK  [0m] Listening on Socket activation for snappy daemon.
[[0;32m  OK  [0m] Listening on LXD - unix socket.
[[0;32m  OK  [0m] Reached target Sockets.
[[0;32m  OK  [0m] Reached target Basic System.
         Starting Login Service...
[   22.002583] cloud-init[1029]: ci-info: +-------+-------------+----------+---------------+-----------+-------+
[[0;32m  OK  [0m] Started ACPI event daemon.
[   22.057954] cloud-init[1029]: Generating public/private rsa key pair.
         Starting LXD - container startup/shutdown...
[   22.352874] cloud-init[1029]: Your identification has been saved in /etc/ssh/ssh_host_rsa_key.
[[0;32m  OK  [0m] Started Unattended Upgrades Shutdown.
[   22.437886] cloud-init[1029]: Your public key has been saved in /etc/ssh/ssh_host_rsa_key.pub.
[   22.943381] cloud-init[1029]: The key fingerprint is:
[[0;32m  OK  [0m] Started Deferred execution scheduler.
[   22.944085] cloud-init[1029]: SHA256:kSh7V3wQBQl54tm/W/7o/U0gD0uY2VH2mfpIrmp0d20 root@ubuntu-zesty
[   23.100645] cloud-init[1029]: The key's randomart image is:
[   23.126036] cloud-init[1029]: +---[RSA 2048]----+
[   23.154946] cloud-init[1029]: |        .o+=. o  |
         Starting Network Name Resolution...
[   23.181983] cloud-init[1029]: |       .ooo. o .o|
         Starting LSB: Record successful boot for GRUB...
[[0;32m  OK  [0m] Started FUSE filesystem for LXC.
[   23.292955] cloud-init[1029]: |    . ..o=o o  o.|
[   23.524539] cloud-init[1029]: |     o  oo.* ..  |
[[0;32m  OK  [0m] Started D-Bus System Message Bus.
[   23.525075] cloud-init[1029]: |    . . S +.=o. .|
[   23.634018] cloud-init[1029]: |     . . . o+*ooE|
[   23.649798] cloud-init[1029]: |        . . o++o.|
[   23.671907] cloud-init[1029]: |         .  oo +.|
[   23.694336] cloud-init[1029]: |        .....o+.*|
[   23.786177] cloud-init[1029]: +----[SHA256]-----+
[   23.807135] cloud-init[1029]: Generating public/private dsa key pair.
[   23.817606] cloud-init[1029]: Your identification has been saved in /etc/ssh/ssh_host_dsa_key.
[   23.908824] cloud-init[1029]: Your public key has been saved in /etc/ssh/ssh_host_dsa_key.pub.
[   23.958489] cloud-init         [1029]: Starting Accounts Service...The key fingerprint is:

[   24.014599] cloud-init[1029]: SHA256:dCLx0JdtNDGHB2qYWLYDAh4JclytrO6/6XisBWH2FHM root@ubuntu-zesty
[   24.078870] cloud-init[1029]: The key's randomart image is:
[[0;32m  OK  [0m] Started Regular background program processing daemon.
[   24.173223] cloud-init[1029]: +---[DSA 1024]----+
         Starting System Logging Service...
[   24.252513] cloud-init[1029]: |oo++=.E.o  +*+.  |
[   24.279641] cloud-init[1029]: |.oo. =.O.+o.++.  |
[   24.289677] cloud-init[1029]: |  =...o O.+. .   |
[   24.307732] cloud-init[1029]: | o +o  o =       |
[[0;32m  OK  [0m] Started Snappy daemon.
[   24.313320] cloud-init[1029]: |  ...   S        |
         Starting Auto import assertions from block devices...
[   24.417640] cloud-init[1029]: |  ..             |
[[0;32m  OK  [0m] Started System Logging Service.
[[0;32m  OK  [0m] Started LXD - container startup/shutdown.
[   24.664729] cloud-init[1029]: | . ..            |
[[0;32m  OK  [0m] Started Auto import assertions from block devices.
[[0;32m  OK  [0m] Started Login Service.
[   24.963864] cloud-init[1029]: |  .oo.           |
[[0;32m  OK  [0m] Started LSB: Record successful boot for GRUB.
[   24.995808] cloud-init[1029]: | .+==.           |
[   25.023350] cloud-init[1029]: +----[SHA256]-----+
[[0;32m  OK  [0m] Started Network Name Resolution.
[   25.060452] cloud-init[1029]: Generating public/private ecdsa key pair.
[[0;32m  OK  [0m] Reached target Network is Online.
[   25.178120] cloud-init[1029]: Your identification has been saved in /etc/ssh/ssh_host_ecdsa_key.
         Starting iSCSI initiator daemon (iscsid)...
[   25.302240] cloud-init[1029]: Your public key has been saved in /etc/ssh/ssh_host_ecdsa_key.pub.
         Starting Apply the settings specified in cloud-config...
[   25.394827] cloud-init[1029]: The key fingerprint is:
[   25.470896] cloud-init[1029]: SHA256:n7l7FET103E1CgBtyLC4P7uEPUM1E23gcpC+aHUDCy8 root@ubuntu-zesty
         Starting Pollinate to seed the pseudo random number generator...
[   25.474086] cloud-init[1029]: The key's randomart image is:
         Starting Authorization Manager...
[   26.243230] cloud-init[1029]: +---[ECDSA 256]---+
[   26.264607] cloud-init[1029]: |     o++*..o...o+|
[   26.316464] cloud-init[1029]: |   ..o+o.=  o ..=|
[   26.379164] cloud-init[1029]: |   .+oo*o  . . .o|[[0;32m  OK  [0m] Started iSCSI initiator daemon (iscsid).

         Starting Login to default iSCSI targets...
[[0;32m  OK  [0m] Started Authorization Manager.
[[0;32m  OK  [0m] Started Accounts Service.
[   26.856566] cloud-init[1029]: |   E.=+oo   .   .|
[   27.596868] cloud-init[1029]: |   .+.o S    .   |
[[0;32m  OK  [0m] Started Login to default iSCSI targets.
[   27.761229] cloud-init[1029]: |   o=.   . o.    |
[   27.943813] cloud-init[1029]: |  .. B    +.     |
[   27.995045] cloud-init[1029]: |    . =    ..    |
[[0;32m  OK  [0m] Reached target Remote File Systems (Pre).
[[0;32m  OK  [0m] Reached target Remote File Systems.
         Starting LSB: VirtualBox Linux Additions...
         Starting Permit User Sessions...
[   28.049124] cloud-init         Starting LSB: automatic crash report generation...
         Starting LSB: daemon to balance interrupts for SMP systems...
[1029]: |     o.   oo     |
[   28.324675] cloud-init[1029]: +----[SHA256]-----+
[   28.448031] cloud-init[1029]: Generating public/private ed25519 key pair.
[   28.487486] cloud-init[1029]: Your identification has been saved in /etc/ssh/ssh_host_ed25519_key.
[[0;32m  OK  [0m] Started Permit User Sessions.
[   28.594989] cloud-init[1029]: Your public key has been saved in /etc/ssh/ssh_host_ed25519_key.pub.
         Starting Hold until boot process finishes up...
[   28.669135] cloud-init[1029]: The key fingerprint is:
[   28.840391] cloud-init[1029]: SHA256:HzIV63N7JbkxINOxygCQwIqJDvIIs65V4DWvwYdQYWY root@ubuntu-zesty
[   28.870679] cloud-init[1029]: The key's randomart image is:
[   28.938414] cloud-init[1029]: +--[ED25519 256]--+
         Starting Terminate Plymouth Boot Screen...
[[0;32m  OK  [0m] Started Hold until boot process finishes up.
[   28.961428] cloud-init[1029]: | ...E+.   . .    |
[[0;32m  OK  [0m] Started Terminate Plymouth Boot Screen.
[   29.011560] cloud-init[1029]: |  .=.  .   + o   |
[   29.231533] cloud-init[1029]: |ooo o   . = +    |
[[0;32m  OK  [0m] Started Pollinate to seed the pseudo random number generator.
[[0;32m  OK  [0m] Started LSB: VirtualBox Linux Additions.
[   29.276548] cloud-init[1029]: |X. = +   = + . . |
[   29.816545] cloud-init[1029]: |==. = o S * . = .|
         Starting OpenBSD Secure Shell server...
[[0;32m  OK  [0m] Started Serial Getty on ttyS0.
[   30.586366] cloud-init[1029]: |o... +   + + . * |
[   30.847809] cloud-init[1029]: |. . .     . . o  |
[   30.880925] cloud-init[1029]: | o           .   |
         Starting Set console scheme...
[[0;32m  OK  [0m] Started OpenBSD Secure Shell server.
[[0;32m  OK  [0m] Started LSB: automatic crash report generation.
[   31.166458] cloud-init[1029]: |o                |
[   31.398004] cloud-init[1029]: +----[SHA256]-----+
[[0;32m  OK  [0m] Started LSB: daemon to balance interrupts for SMP systems.
[[0;32m  OK  [0m] Started Set console scheme.
[[0;32m  OK  [0m] Created slice system-getty.slice.
[[0;32m  OK  [0m] Started Getty on tty1.
[[0;32m  OK  [0m] Reached target Login Prompts.
[[0;32m  OK  [0m] Reached target Multi-User System.
[[0;32m  OK  [0m] Reached target Graphical Interface.
         Starting Update UTMP about System Runlevel Changes...
[[0;32m  OK  [0m] Started Update UTMP about System Runlevel Changes.
[   35.590181] cloud-init[1351]: Generating locales (this might take a while)...

Ubuntu 17.04 ubuntu-zesty ttyS0

ubuntu-zesty login: [   39.171375] cloud-init[1351]:   en_US.UTF-8... done
[   39.175714] cloud-init[1351]: Generation complete.
[   40.301028] cloud-init[1351]: Cloud-init v. 0.7.9 running 'modules:config' at Sun, 01 Jul 2018 06:59:20 +0000. Up 35.06 seconds.
ci-info: no authorized ssh keys fingerprints found for user ubuntu.
<14>Jul  1 06:59:27 ec2: 
<14>Jul  1 06:59:27 ec2: #############################################################
<14>Jul  1 06:59:27 ec2: -----BEGIN SSH HOST KEY FINGERPRINTS-----
<14>Jul  1 06:59:27 ec2: 1024 SHA256:dCLx0JdtNDGHB2qYWLYDAh4JclytrO6/6XisBWH2FHM root@ubuntu-zesty (DSA)
<14>Jul  1 06:59:27 ec2: 256 SHA256:n7l7FET103E1CgBtyLC4P7uEPUM1E23gcpC+aHUDCy8 root@ubuntu-zesty (ECDSA)
<14>Jul  1 06:59:27 ec2: 256 SHA256:HzIV63N7JbkxINOxygCQwIqJDvIIs65V4DWvwYdQYWY root@ubuntu-zesty (ED25519)
<14>Jul  1 06:59:27 ec2: 2048 SHA256:kSh7V3wQBQl54tm/W/7o/U0gD0uY2VH2mfpIrmp0d20 root@ubuntu-zesty (RSA)
<14>Jul  1 06:59:27 ec2: -----END SSH HOST KEY FINGERPRINTS-----
<14>Jul  1 06:59:27 ec2: #############################################################
-----BEGIN SSH HOST KEY KEYS-----
ecdsa-sha2-nistp256 AAAAE2VjZHNhLXNoYTItbmlzdHAyNTYAAAAIbmlzdHAyNTYAAABBBGzxYfcQ467qBd4rLxqiBEmfLo575XWKfY6k1E1IgrFESlLitH6dJqva6wfDl68wx0W4dJXQKGFHu68cV46GPsY= root@ubuntu-zesty
ssh-ed25519 AAAAC3NzaC1lZDI1NTE5AAAAIOgvPKZlwVwfpTQ+KM1QiPT8EebESJtSIKJpgjyupE5t root@ubuntu-zesty
ssh-rsa AAAAB3NzaC1yc2EAAAADAQABAAABAQDRBi7EUIFafu2mUB1xCjTaRAzwJfLimqeL8Y4b841gXWU4E4xVKeT2kkCuYqW0PTSr4YI+ZN0bbVPnhTyullkkh3HdjFvDk0VE8dU7R7sFENngiqBcVW8yzW2EmIPy+zTTz7XuwfeP5+suzfGZ/rmocT7UBJgCdbHPO3qSxtpcrMiz2ykq+yp9+2phsN+hqMTmHFyPaGrqvVNUoODTN1QIhEbKCOsyteDq7g/QwJo22qSQ0vlBRXyBxScmC5ZDR/oYf4kyvhmSvTRNJiYku8lC863FT6y3BSgh6g6ugmss4NYwAqMdfPF2MnFTZ6GBh57c7479hNOj3ivjFbk9K5vx root@ubuntu-zesty
-----END SSH HOST KEY KEYS-----
[   42.465808] cloud-init[1642]: Cloud-init v. 0.7.9 running 'modules:final' at Sun, 01 Jul 2018 06:59:27 +0000. Up 41.94 seconds.
[   42.466313] cloud-init[1642]: ci-info: no authorized ssh keys fingerprints found for user ubuntu.
[   42.466602] cloud-init[1642]: Cloud-init v. 0.7.9 finished at Sun, 01 Jul 2018 06:59:27 +0000. Datasource DataSourceNoCloud [seed=/dev/sdb][dsmode=net].  Up 42.41 seconds
